// Jest Snapshot v1, https://goo.gl/fbAQLP

exports[`Filter snapshot test for setting filter 1`] = `
<div>
  <div
    class="flex flex-col items-center justify-center"
  >
    <button
      class="underline mb-3"
    >
      Hide
       filters
    </button>
    <div>
      <div
        class="flex border-x border-t rounded-t-md border-darker-grey space-x-8 pt-3 px-3 mx-4"
      >
        <div
          class="flex flex-col space-y-3 min-w-fit"
        >
          <p
            class="font-bold"
          >
            Date posted
          </p>
          <label>
            <label>
              <input
                checked=""
                class="peer sr-only"
                id="anyTime"
                name="age"
                type="radio"
                value=""
              />
              <span
                class="border-2 border-[#ccc] p-1 rounded-md select-none peer-checked:border-dark-theme-grey peer-checked:text-white font-bold peer-checked:bg-dark-theme-grey"
              >
                Any time
              </span>
            </label>
          </label>
          <label>
            <label>
              <input
                class="peer sr-only"
                id="past24Hours"
                name="age"
                type="radio"
                value="1"
              />
              <span
                class="border-2 border-[#ccc] p-1 rounded-md select-none peer-checked:border-dark-theme-grey peer-checked:text-white font-bold peer-checked:bg-dark-theme-grey"
              >
                Past 24 hours
              </span>
            </label>
          </label>
          <label>
            <label>
              <input
                class="peer sr-only"
                id="pastWeek"
                name="age"
                type="radio"
                value="7"
              />
              <span
                class="border-2 border-[#ccc] p-1 rounded-md select-none peer-checked:border-dark-theme-grey peer-checked:text-white font-bold peer-checked:bg-dark-theme-grey"
              >
                Past week
              </span>
            </label>
          </label>
          <label>
            <label>
              <input
                class="peer sr-only"
                id="pastMonth"
                name="age"
                type="radio"
                value="30"
              />
              <span
                class="border-2 border-[#ccc] p-1 rounded-md select-none peer-checked:border-dark-theme-grey peer-checked:text-white font-bold peer-checked:bg-dark-theme-grey"
              >
                Past month
              </span>
            </label>
          </label>
        </div>
        <div
          class="flex flex-col space-y-3 min-w-fit"
        >
          <p
            class="font-bold"
          >
            Distance
          </p>
          <label>
            <label>
              <input
                checked=""
                class="peer sr-only"
                id="anyDistance"
                name="distance"
                type="radio"
                value=""
              />
              <span
                class="border-2 border-[#ccc] p-1 rounded-md select-none peer-checked:border-dark-theme-grey peer-checked:text-white font-bold peer-checked:bg-dark-theme-grey"
              >
                Any distance
              </span>
            </label>
          </label>
          <label>
            <label>
              <input
                class="peer sr-only"
                id="1mile"
                name="distance"
                type="radio"
                value="1"
              />
              <span
                class="border-2 border-[#ccc] p-1 rounded-md select-none peer-checked:border-dark-theme-grey peer-checked:text-white font-bold peer-checked:bg-dark-theme-grey"
              >
                1 mile
              </span>
            </label>
          </label>
          <label>
            <label>
              <input
                class="peer sr-only"
                id="5miles"
                name="distance"
                type="radio"
                value="5"
              />
              <span
                class="border-2 border-[#ccc] p-1 rounded-md select-none peer-checked:border-dark-theme-grey peer-checked:text-white font-bold peer-checked:bg-dark-theme-grey"
              >
                5 miles
              </span>
            </label>
          </label>
          <label>
            <label>
              <input
                class="peer sr-only"
                id="10miles"
                name="distance"
                type="radio"
                value="10"
              />
              <span
                class="border-2 border-[#ccc] p-1 rounded-md select-none peer-checked:border-dark-theme-grey peer-checked:text-white font-bold peer-checked:bg-dark-theme-grey"
              >
                10 miles
              </span>
            </label>
          </label>
          <label>
            <label>
              <input
                class="peer sr-only"
                id="15miles"
                name="distance"
                type="radio"
                value="15"
              />
              <span
                class="border-2 border-[#ccc] p-1 rounded-md select-none peer-checked:border-dark-theme-grey peer-checked:text-white font-bold peer-checked:bg-dark-theme-grey"
              >
                15 miles
              </span>
            </label>
          </label>
          <label>
            <label>
              <input
                class="peer sr-only"
                id="25miles"
                name="distance"
                type="radio"
                value="25"
              />
              <span
                class="border-2 border-[#ccc] p-1 rounded-md select-none peer-checked:border-dark-theme-grey peer-checked:text-white font-bold peer-checked:bg-dark-theme-grey"
              >
                25 miles
              </span>
            </label>
          </label>
          <label>
            <label>
              <input
                class="peer sr-only"
                id="35miles"
                name="distance"
                type="radio"
                value="35"
              />
              <span
                class="border-2 border-[#ccc] p-1 rounded-md select-none peer-checked:border-dark-theme-grey peer-checked:text-white font-bold peer-checked:bg-dark-theme-grey"
              >
                35 miles
              </span>
            </label>
          </label>
          <label>
            <label>
              <input
                class="peer sr-only"
                id="50miles"
                name="distance"
                type="radio"
                value="50"
              />
              <span
                class="border-2 border-[#ccc] p-1 rounded-md select-none peer-checked:border-dark-theme-grey peer-checked:text-white font-bold peer-checked:bg-dark-theme-grey"
              >
                50 miles
              </span>
            </label>
          </label>
          <label>
            <label>
              <input
                class="peer sr-only"
                id="100miles"
                name="distance"
                type="radio"
                value="100"
              />
              <span
                class="border-2 border-[#ccc] p-1 rounded-md select-none peer-checked:border-dark-theme-grey peer-checked:text-white font-bold peer-checked:bg-dark-theme-grey"
              >
                100 miles
              </span>
            </label>
          </label>
        </div>
        <div
          class="space-y-2"
        >
          <p
            class="font-bold"
          >
            Salary
          </p>
        </div>
        <div>
          <p
            class="font-bold"
          >
            Job type
          </p>
          <div
            class="space-x-2 space-y-5 mt-5"
          >
            <label>
              <input
                class="peer sr-only"
                id=""
                name="schedule"
                type="checkbox"
                value=""
              />
              <span
                class="border-2 border-[#ccc] p-1 rounded-md select-none peer-checked:border-dark-theme-grey peer-checked:text-white font-bold peer-checked:bg-dark-theme-grey"
              />
            </label>
          </div>
        </div>
        <div
          class="min-w-fit"
        >
          <p
            class="font-bold"
          >
            Workplace
          </p>
          <div
            class="space-x-2 space-y-5 mt-5 w-auto"
          >
            <label>
              <input
                class="peer sr-only"
                id=""
                name="type"
                type="checkbox"
                value=""
              />
              <span
                class="border-2 border-[#ccc] p-1 rounded-md select-none peer-checked:border-dark-theme-grey peer-checked:text-white font-bold peer-checked:bg-dark-theme-grey"
              />
            </label>
          </div>
        </div>
        <div>
          <p
            class="font-bold"
          >
            Industry
          </p>
          <div
            class="space-x-2 space-y-5 mt-5 w-auto"
          >
            <label>
              <input
                class="peer sr-only"
                id=""
                name="industry"
                type="checkbox"
                value=""
              />
              <span
                class="border-2 border-[#ccc] p-1 rounded-md select-none peer-checked:border-dark-theme-grey peer-checked:text-white font-bold peer-checked:bg-dark-theme-grey"
              />
            </label>
          </div>
        </div>
        <div
          class="min-w-fit"
        >
          <p
            class="font-bold"
          >
            Location
          </p>
        </div>
        <div
          class="min-w-fit"
        >
          <p
            class="font-bold"
          >
            Company
          </p>
        </div>
      </div>
      <div
        class="flex items-center justify-end border-b border-x rounded-b-md border-darker-grey pb-2 pr-2 mx-4 pt-8"
      >
        <button
          class="rounded-md py-2.5 px-4 font-bold text-dark-theme-grey mr-2"
        >
          Clear
        </button>
        <button
          class="bg-dark-theme-grey rounded-md py-2.5 px-4 font-bold text-white"
        >
          Show results (
          0
          )
        </button>
      </div>
    </div>
    <div
      class="mt-12"
    >
      <div>
        <div
          class="flex items-start justify-center space-x-5 mx-8"
        >
          <div
            class="space-y-3 pb-12"
          >
            <span
              class="pl-2"
            >
              Showing 
              0
               of 
              0
               jobs
            </span>
          </div>
        </div>
      </div>
    </div>
  </div>
</div>
`;
